agents/backend_agent.md
agents/browser_ui_agent.md
agents/context_agent.md
agents/discover_agent.md
agents/end2end_qa_agent.md
agents/frontend_agent.md
agents/generic_agent.md
agents/judge_agent.md
agents/orchestration_agent.md
agents/planning_agent.md
agents/qa_agent.md
commands/hero-approve.md
commands/hero-archive.md
commands/hero-back.md
commands/hero-cancel.md
commands/hero-continue.md
commands/hero-cycles.md
commands/hero-finish.md
commands/hero-help.md
commands/hero-model.md
commands/hero-new.md
commands/hero-reject.md
commands/hero-resume.md
commands/hero-start.md
commands/hero-status.md
commands/hero-sync.md
commands/hero-todos.md
skills/grilling/SKILL.md
skills/workflow-hero/SKILL.md
